<pre>{
  "data": {
    "en": {
      "required": {
        "title": "Another Deeply Nested",
        "pageType": "default"
      },
      "fields": {},
      "components": []
    }
  },
  "path": "folder/another_folder/another-deeply-nested"
}</pre>