<pre>{
  "markdown": "Another\n=======\n\n## File\n",
  "path": "folder/another"
}</pre>