<pre>{
  "markdown": "",
  "path": "folder/empty"
}</pre>