<!doctype html>
<html lang="en">
<head>
  <meta charset="utf-8" />
  <title>Folder</title>
  <meta name="viewport" content="width=device-width,initial-scale=1" />
</head>
<body>
  <pre>{
  "data": {
    "default": {
      "required": {
        "title": "Folder",
        "pageType": "code-preview"
      },
      "fields": {},
      "components": []
    }
  },
  "path": "folder/index"
}</pre>
</body>
</html>