<pre>{
  "title": "only yaml",
  "markdown": "",
  "path": "folder/yaml-only"
}</pre>