<!doctype html>
<html lang="en">
<head>
  <meta charset="utf-8" />
  <title>Components</title>
  <meta name="viewport" content="width=device-width,initial-scale=1" />
</head>
<body>
  <h1>Hello Redaktor!</h1>
  <p>This is our hello world.</p>
</body>
</html>