<!doctype html>
<html lang="en">
<head>
  <meta charset="utf-8" />
  <title>Components</title>
  <meta name="viewport" content="width=device-width,initial-scale=1" />
</head>
<body>
  <a href="https://diesdas.digital" class="custom-button">click me</a>
  <img src="https://images.diesdas.digital/media/pages/global-assets/f5193acf57-1581604571/workshop-pass.svg?auto=format" class="custom-image" alt="accessibility yo!">
</body>
</html>