<pre>{
  "data": {
    "en": {
      "required": {
        "title": "Home",
        "pageType": "index"
      },
      "fields": {},
      "components": []
    }
  },
  "path": "index"
}</pre>